Linux g49-proxy 5.15.0-1021-gcp #28~20.04.1-Ubuntu SMP Mon Oct 17 11:37:54 UTC 2022 x86_64
+------------------------------------------------------+
|                                                      |
|   Columbia CSEE 4119 Fall 2022 - Routing Project     |
|             Build your mini-Internet!                |
|                                                      |
|                                                      |
|   You can modify this welcoming message by           |
|   modifying the file welcoming_message.txt           |
|   in the config directory                            |
|                                                      |
|   From here, you can access your virtual devices     |
|   with the goto.sh script. For instance:             |
|                                                      |
|   ./goto.sh MIAM router                              |
|                                                      |
+------------------------------------------------------+
Last login: Thu Nov 24 04:19:39 2022 from 157.0.0.59
root@g49-proxy:~# ./goto.sh ALTA host
invalid arguments
valid examples:
./goto.sh MIAM router
./goto.sh MIAM host
./goto.sh UNIV EPFL
./goto.sh UNIV staff_3
root@g49-proxy:~# ./goto.sh ATLA host
Linux ATLA_host 5.15.0-1021-gcp #28~20.04.1-Ubuntu SMP Mon Oct 17 11:37:54 UTC 2022 x86_64

The programs included with the Debian GNU/Linux system are free software;
the exact distribution terms for each program are described in the
individual files in /usr/share/doc/*/copyright.

Debian GNU/Linux comes with ABSOLUTELY NO WARRANTY, to the extent
permitted by applicable law.
Last login: Thu Nov 24 02:04:37 2022 from 158.49.0.2
root@ATLA_host:~# ip route add default via 49.107.0.2
root@ATLA_host:~# ping 49.103.0.2
PING 49.103.0.2 (49.103.0.2) 56(84) bytes of data.
64 bytes from 49.103.0.2: icmp_seq=1 ttl=62 time=3.18 ms
64 bytes from 49.103.0.2: icmp_seq=2 ttl=62 time=2.41 ms
64 bytes from 49.103.0.2: icmp_seq=3 ttl=62 time=2.50 ms
64 bytes from 49.103.0.2: icmp_seq=4 ttl=62 time=2.38 ms
64 bytes from 49.103.0.2: icmp_seq=5 ttl=62 time=2.62 ms
64 bytes from 49.103.0.2: icmp_seq=6 ttl=62 time=2.46 ms
^C
--- 49.103.0.2 ping statistics ---
6 packets transmitted, 6 received, 0% packet loss, time 5006ms
rtt min/avg/max/mdev = 2.389/2.597/3.183/0.278 ms
root@ATLA_host:~# ping 49.101.0.2
PING 49.101.0.2 (49.101.0.2) 56(84) bytes of data.
64 bytes from 49.101.0.2: icmp_seq=1 ttl=62 time=0.661 ms
64 bytes from 49.101.0.2: icmp_seq=2 ttl=62 time=0.668 ms
64 bytes from 49.101.0.2: icmp_seq=3 ttl=62 time=0.667 ms
64 bytes from 49.101.0.2: icmp_seq=4 ttl=62 time=0.665 ms
64 bytes from 49.101.0.2: icmp_seq=5 ttl=62 time=0.621 ms
64 bytes from 49.101.0.2: icmp_seq=6 ttl=62 time=0.663 ms
64 bytes from 49.101.0.2: icmp_seq=7 ttl=62 time=0.726 ms
64 bytes from 49.101.0.2: icmp_seq=8 ttl=62 time=0.668 ms
^C
--- 49.101.0.2 ping statistics ---
8 packets transmitted, 8 received, 0% packet loss, time 7121ms
rtt min/avg/max/mdev = 0.621/0.667/0.726/0.034 ms
root@ATLA_host:~# ping 49.105.0.2
PING 49.105.0.2 (49.105.0.2) 56(84) bytes of data.
64 bytes from 49.105.0.2: icmp_seq=1 ttl=63 time=0.339 ms
64 bytes from 49.105.0.2: icmp_seq=2 ttl=63 time=0.372 ms
64 bytes from 49.105.0.2: icmp_seq=3 ttl=63 time=0.369 ms
^C
--- 49.105.0.2 ping statistics ---
3 packets transmitted, 3 received, 0% packet loss, time 2054ms
rtt min/avg/max/mdev = 0.339/0.360/0.372/0.014 ms
root@ATLA_host:~# ping 49.101.0.1 -c 10
PING 49.101.0.1 (49.101.0.1) 56(84) bytes of data.
64 bytes from 49.101.0.1: icmp_seq=1 ttl=61 time=0.787 ms
64 bytes from 49.101.0.1: icmp_seq=2 ttl=61 time=0.620 ms
64 bytes from 49.101.0.1: icmp_seq=3 ttl=61 time=0.730 ms
64 bytes from 49.101.0.1: icmp_seq=4 ttl=61 time=0.646 ms
64 bytes from 49.101.0.1: icmp_seq=5 ttl=61 time=0.602 ms
64 bytes from 49.101.0.1: icmp_seq=6 ttl=61 time=0.623 ms
64 bytes from 49.101.0.1: icmp_seq=7 ttl=61 time=0.730 ms
64 bytes from 49.101.0.1: icmp_seq=8 ttl=61 time=0.677 ms
64 bytes from 49.101.0.1: icmp_seq=9 ttl=61 time=0.663 ms
64 bytes from 49.101.0.1: icmp_seq=10 ttl=61 time=0.764 ms

--- 49.101.0.1 ping statistics ---
10 packets transmitted, 10 received, 0% packet loss, time 9172ms
rtt min/avg/max/mdev = 0.602/0.684/0.787/0.063 ms
root@ATLA_host:~# traceroute 49.101.0.1
traceroute to 49.101.0.1 (49.101.0.1), 30 hops max, 60 byte packets
 1  ATLA-host.group49 (49.107.0.2)  0.266 ms  0.046 ms  0.011 ms
 2  NEWY-ATLA.AS49 (49.0.11.1)  0.300 ms  0.261 ms  0.238 ms
 3  LOND-NEWY.AS49 (49.0.8.1)  0.666 ms  0.645 ms  0.616 ms
 4  host-LOND.group49 (49.101.0.1)  0.698 ms  0.688 ms  0.763 ms
root@ATLA_host:~# ping 49.103.0.1 -c 10
PING 49.103.0.1 (49.103.0.1) 56(84) bytes of data.
64 bytes from 49.103.0.1: icmp_seq=1 ttl=61 time=2.61 ms
64 bytes from 49.103.0.1: icmp_seq=2 ttl=61 time=2.78 ms
64 bytes from 49.103.0.1: icmp_seq=3 ttl=61 time=2.39 ms
64 bytes from 49.103.0.1: icmp_seq=4 ttl=61 time=2.56 ms
64 bytes from 49.103.0.1: icmp_seq=5 ttl=61 time=2.32 ms
64 bytes from 49.103.0.1: icmp_seq=6 ttl=61 time=2.46 ms
64 bytes from 49.103.0.1: icmp_seq=7 ttl=61 time=2.41 ms
64 bytes from 49.103.0.1: icmp_seq=8 ttl=61 time=2.37 ms
64 bytes from 49.103.0.1: icmp_seq=9 ttl=61 time=2.40 ms
64 bytes from 49.103.0.1: icmp_seq=10 ttl=61 time=2.40 ms

--- 49.103.0.1 ping statistics ---
10 packets transmitted, 10 received, 0% packet loss, time 9012ms
rtt min/avg/max/mdev = 2.329/2.476/2.786/0.134 ms
root@ATLA_host:~# ping 49.108.0.1 -c 10
PING 49.108.0.1 (49.108.0.1) 56(84) bytes of data.
64 bytes from 49.108.0.1: icmp_seq=1 ttl=62 time=0.594 ms
64 bytes from 49.108.0.1: icmp_seq=2 ttl=62 time=0.344 ms
64 bytes from 49.108.0.1: icmp_seq=3 ttl=62 time=0.385 ms
64 bytes from 49.108.0.1: icmp_seq=4 ttl=62 time=0.374 ms
64 bytes from 49.108.0.1: icmp_seq=5 ttl=62 time=0.380 ms
64 bytes from 49.108.0.1: icmp_seq=6 ttl=62 time=0.381 ms
64 bytes from 49.108.0.1: icmp_seq=7 ttl=62 time=0.310 ms
64 bytes from 49.108.0.1: icmp_seq=8 ttl=62 time=0.346 ms
64 bytes from 49.108.0.1: icmp_seq=9 ttl=62 time=0.437 ms
64 bytes from 49.108.0.1: icmp_seq=10 ttl=62 time=0.376 ms

--- 49.108.0.1 ping statistics ---
10 packets transmitted, 10 received, 0% packet loss, time 9212ms
rtt min/avg/max/mdev = 0.310/0.392/0.594/0.077 ms
root@ATLA_host:~# ping 49.107.0.1 -c 10
PING 49.107.0.1 (49.107.0.1) 56(84) bytes of data.
64 bytes from 49.107.0.1: icmp_seq=1 ttl=64 time=0.030 ms
64 bytes from 49.107.0.1: icmp_seq=2 ttl=64 time=0.023 ms
64 bytes from 49.107.0.1: icmp_seq=3 ttl=64 time=0.034 ms
64 bytes from 49.107.0.1: icmp_seq=4 ttl=64 time=0.037 ms
64 bytes from 49.107.0.1: icmp_seq=5 ttl=64 time=0.042 ms
64 bytes from 49.107.0.1: icmp_seq=6 ttl=64 time=0.035 ms
64 bytes from 49.107.0.1: icmp_seq=7 ttl=64 time=0.029 ms
64 bytes from 49.107.0.1: icmp_seq=8 ttl=64 time=0.048 ms
64 bytes from 49.107.0.1: icmp_seq=9 ttl=64 time=0.032 ms
64 bytes from 49.107.0.1: icmp_seq=10 ttl=64 time=0.031 ms

--- 49.107.0.1 ping statistics ---
10 packets transmitted, 10 received, 0% packet loss, time 9197ms
rtt min/avg/max/mdev = 0.023/0.034/0.048/0.007 ms
root@ATLA_host:~# ping 49.105.0.1 -c 10
PING 49.105.0.1 (49.105.0.1) 56(84) bytes of data.
64 bytes from 49.105.0.1: icmp_seq=1 ttl=62 time=0.345 ms
64 bytes from 49.105.0.1: icmp_seq=2 ttl=62 time=0.336 ms
64 bytes from 49.105.0.1: icmp_seq=3 ttl=62 time=0.342 ms
64 bytes from 49.105.0.1: icmp_seq=4 ttl=62 time=0.461 ms
64 bytes from 49.105.0.1: icmp_seq=5 ttl=62 time=0.344 ms
64 bytes from 49.105.0.1: icmp_seq=6 ttl=62 time=0.371 ms
64 bytes from 49.105.0.1: icmp_seq=7 ttl=62 time=0.355 ms
64 bytes from 49.105.0.1: icmp_seq=8 ttl=62 time=0.499 ms
64 bytes from 49.105.0.1: icmp_seq=9 ttl=62 time=0.358 ms
64 bytes from 49.105.0.1: icmp_seq=10 ttl=62 time=0.581 ms

--- 49.105.0.1 ping statistics ---
10 packets transmitted, 10 received, 0% packet loss, time 9194ms
rtt min/avg/max/mdev = 0.336/0.399/0.581/0.081 ms
root@ATLA_host:~# ping 49.106.0.1 -c 10
PING 49.106.0.1 (49.106.0.1) 56(84) bytes of data.
64 bytes from 49.106.0.1: icmp_seq=1 ttl=61 time=0.543 ms
64 bytes from 49.106.0.1: icmp_seq=2 ttl=61 time=0.470 ms
64 bytes from 49.106.0.1: icmp_seq=3 ttl=61 time=0.444 ms
64 bytes from 49.106.0.1: icmp_seq=4 ttl=61 time=0.586 ms
64 bytes from 49.106.0.1: icmp_seq=5 ttl=61 time=0.477 ms
64 bytes from 49.106.0.1: icmp_seq=6 ttl=61 time=0.467 ms
64 bytes from 49.106.0.1: icmp_seq=7 ttl=61 time=0.445 ms
64 bytes from 49.106.0.1: icmp_seq=8 ttl=61 time=0.472 ms
64 bytes from 49.106.0.1: icmp_seq=9 ttl=61 time=0.511 ms
64 bytes from 49.106.0.1: icmp_seq=10 ttl=61 time=0.384 ms

--- 49.106.0.1 ping statistics ---
10 packets transmitted, 10 received, 0% packet loss, time 9193ms
rtt min/avg/max/mdev = 0.384/0.479/0.586/0.060 ms
root@ATLA_host:~# 