Linux g49-proxy 5.15.0-1021-gcp #28~20.04.1-Ubuntu SMP Mon Oct 17 11:37:54 UTC 2022 x86_64
+------------------------------------------------------+
|                                                      |
|   Columbia CSEE 4119 Fall 2022 - Routing Project     |
|             Build your mini-Internet!                |
|                                                      |
|                                                      |
|   You can modify this welcoming message by           |
|   modifying the file welcoming_message.txt           |
|   in the config directory                            |
|                                                      |
|   From here, you can access your virtual devices     |
|   with the goto.sh script. For instance:             |
|                                                      |
|   ./goto.sh MIAM router                              |
|                                                      |
+------------------------------------------------------+
Last login: Thu Nov 24 04:08:16 2022 from 157.0.0.59
root@g49-proxy:~# ./goto.shBOST host
-bash: ./goto.shBOST: No such file or directory
root@g49-proxy:~# ./goto.sh BOST host
Linux BOST_host 5.15.0-1021-gcp #28~20.04.1-Ubuntu SMP Mon Oct 17 11:37:54 UTC 2022 x86_64

The programs included with the Debian GNU/Linux system are free software;
the exact distribution terms for each program are described in the
individual files in /usr/share/doc/*/copyright.

Debian GNU/Linux comes with ABSOLUTELY NO WARRANTY, to the extent
permitted by applicable law.
Last login: Thu Nov 24 02:00:07 2022 from 158.49.0.2
root@BOST_host:~# ip route add default via 49.106.2/24
Error: inet address is expected rather than "49.106.2/24".
root@BOST_host:~# ip route add default via 49.106.0.2
root@BOST_host:~# ping 49.103.0.2
PING 49.103.0.2 (49.103.0.2) 56(84) bytes of data.
64 bytes from 49.103.0.2: icmp_seq=1 ttl=62 time=3.43 ms
64 bytes from 49.103.0.2: icmp_seq=2 ttl=62 time=2.43 ms
64 bytes from 49.103.0.2: icmp_seq=3 ttl=62 time=2.28 ms
64 bytes from 49.103.0.2: icmp_seq=4 ttl=62 time=2.38 ms
64 bytes from 49.103.0.2: icmp_seq=5 ttl=62 time=2.40 ms
64 bytes from 49.103.0.2: icmp_seq=6 ttl=62 time=2.27 ms
64 bytes from 49.103.0.2: icmp_seq=7 ttl=62 time=2.28 ms
^C
--- 49.103.0.2 ping statistics ---
7 packets transmitted, 7 received, 0% packet loss, time 6008ms
rtt min/avg/max/mdev = 2.277/2.501/3.436/0.387 ms
root@BOST_host:~# ping 49.101.0.1 -c 10
PING 49.101.0.1 (49.101.0.1) 56(84) bytes of data.
64 bytes from 49.101.0.1: icmp_seq=1 ttl=62 time=20.2 ms
64 bytes from 49.101.0.1: icmp_seq=2 ttl=62 time=20.2 ms
64 bytes from 49.101.0.1: icmp_seq=3 ttl=62 time=20.2 ms
64 bytes from 49.101.0.1: icmp_seq=4 ttl=62 time=20.2 ms
64 bytes from 49.101.0.1: icmp_seq=5 ttl=62 time=20.1 ms
64 bytes from 49.101.0.1: icmp_seq=6 ttl=62 time=20.2 ms
64 bytes from 49.101.0.1: icmp_seq=7 ttl=62 time=20.2 ms
64 bytes from 49.101.0.1: icmp_seq=8 ttl=62 time=20.1 ms
64 bytes from 49.101.0.1: icmp_seq=9 ttl=62 time=20.2 ms
64 bytes from 49.101.0.1: icmp_seq=10 ttl=62 time=20.2 ms

--- 49.101.0.1 ping statistics ---
10 packets transmitted, 10 received, 0% packet loss, time 9011ms
rtt min/avg/max/mdev = 20.195/20.250/20.295/0.194 ms
root@BOST_host:~# traceroute 49.101.0.1
traceroute to 49.101.0.1 (49.101.0.1), 30 hops max, 60 byte packets
 1  BOST-host.group49 (49.106.0.2)  0.264 ms  0.053 ms  0.016 ms
 2  LOND-BOST.AS49 (49.0.7.1)  20.218 ms  20.175 ms  20.145 ms
 3  host-LOND.group49 (49.101.0.1)  20.355 ms  20.632 ms  20.754 ms
root@BOST_host:~# ping 49.103.0.1 -c 10
PING 49.103.0.1 (49.103.0.1) 56(84) bytes of data.
64 bytes from 49.103.0.1: icmp_seq=1 ttl=61 time=2.52 ms
64 bytes from 49.103.0.1: icmp_seq=2 ttl=61 time=2.49 ms
64 bytes from 49.103.0.1: icmp_seq=3 ttl=61 time=2.38 ms
64 bytes from 49.103.0.1: icmp_seq=4 ttl=61 time=2.33 ms
64 bytes from 49.103.0.1: icmp_seq=5 ttl=61 time=2.39 ms
64 bytes from 49.103.0.1: icmp_seq=6 ttl=61 time=2.27 ms
64 bytes from 49.103.0.1: icmp_seq=7 ttl=61 time=2.21 ms
64 bytes from 49.103.0.1: icmp_seq=8 ttl=61 time=2.30 ms
64 bytes from 49.103.0.1: icmp_seq=9 ttl=61 time=2.26 ms
64 bytes from 49.103.0.1: icmp_seq=10 ttl=61 time=2.22 ms

--- 49.103.0.1 ping statistics ---
10 packets transmitted, 10 received, 0% packet loss, time 9011ms
rtt min/avg/max/mdev = 2.218/2.342/2.528/0.103 ms
root@BOST_host:~# ping 49.108.0.1 -c 10
PING 49.108.0.1 (49.108.0.1) 56(84) bytes of data.
64 bytes from 49.108.0.1: icmp_seq=1 ttl=61 time=0.359 ms
64 bytes from 49.108.0.1: icmp_seq=2 ttl=61 time=0.272 ms
64 bytes from 49.108.0.1: icmp_seq=3 ttl=61 time=0.281 ms
64 bytes from 49.108.0.1: icmp_seq=4 ttl=61 time=0.255 ms
64 bytes from 49.108.0.1: icmp_seq=5 ttl=61 time=0.277 ms
64 bytes from 49.108.0.1: icmp_seq=6 ttl=61 time=0.256 ms
64 bytes from 49.108.0.1: icmp_seq=7 ttl=61 time=0.277 ms
64 bytes from 49.108.0.1: icmp_seq=8 ttl=61 time=0.236 ms
64 bytes from 49.108.0.1: icmp_seq=9 ttl=61 time=0.318 ms
64 bytes from 49.108.0.1: icmp_seq=10 ttl=61 time=0.369 ms

--- 49.108.0.1 ping statistics ---
10 packets transmitted, 10 received, 0% packet loss, time 9196ms
rtt min/avg/max/mdev = 0.236/0.290/0.369/0.042 ms
root@BOST_host:~# ping 49.107.0.1 -c 10
PING 49.107.0.1 (49.107.0.1) 56(84) bytes of data.
64 bytes from 49.107.0.1: icmp_seq=1 ttl=61 time=0.533 ms
64 bytes from 49.107.0.1: icmp_seq=2 ttl=61 time=0.473 ms
64 bytes from 49.107.0.1: icmp_seq=3 ttl=61 time=0.468 ms
64 bytes from 49.107.0.1: icmp_seq=4 ttl=61 time=0.478 ms
64 bytes from 49.107.0.1: icmp_seq=5 ttl=61 time=0.617 ms
64 bytes from 49.107.0.1: icmp_seq=6 ttl=61 time=0.514 ms
64 bytes from 49.107.0.1: icmp_seq=7 ttl=61 time=0.651 ms
64 bytes from 49.107.0.1: icmp_seq=8 ttl=61 time=0.448 ms
64 bytes from 49.107.0.1: icmp_seq=9 ttl=61 time=0.444 ms
64 bytes from 49.107.0.1: icmp_seq=10 ttl=61 time=0.463 ms

--- 49.107.0.1 ping statistics ---
10 packets transmitted, 10 received, 0% packet loss, time 9193ms
rtt min/avg/max/mdev = 0.444/0.508/0.651/0.074 ms
root@BOST_host:~# ping 49.105.0.1 -c 10
PING 49.105.0.1 (49.105.0.1) 56(84) bytes of data.
64 bytes from 49.105.0.1: icmp_seq=1 ttl=62 time=0.208 ms
64 bytes from 49.105.0.1: icmp_seq=2 ttl=62 time=0.192 ms
64 bytes from 49.105.0.1: icmp_seq=3 ttl=62 time=0.190 ms
64 bytes from 49.105.0.1: icmp_seq=4 ttl=62 time=0.203 ms
64 bytes from 49.105.0.1: icmp_seq=5 ttl=62 time=0.170 ms
64 bytes from 49.105.0.1: icmp_seq=6 ttl=62 time=0.404 ms
64 bytes from 49.105.0.1: icmp_seq=7 ttl=62 time=0.186 ms
64 bytes from 49.105.0.1: icmp_seq=8 ttl=62 time=0.194 ms
64 bytes from 49.105.0.1: icmp_seq=9 ttl=62 time=0.179 ms
64 bytes from 49.105.0.1: icmp_seq=10 ttl=62 time=0.173 ms

--- 49.105.0.1 ping statistics ---
10 packets transmitted, 10 received, 0% packet loss, time 9193ms
rtt min/avg/max/mdev = 0.170/0.209/0.404/0.068 ms
root@BOST_host:~# ping 49.106.0.1 -c 10
PING 49.106.0.1 (49.106.0.1) 56(84) bytes of data.
64 bytes from 49.106.0.1: icmp_seq=1 ttl=64 time=0.027 ms
64 bytes from 49.106.0.1: icmp_seq=2 ttl=64 time=0.040 ms
64 bytes from 49.106.0.1: icmp_seq=3 ttl=64 time=0.157 ms
64 bytes from 49.106.0.1: icmp_seq=4 ttl=64 time=0.042 ms
64 bytes from 49.106.0.1: icmp_seq=5 ttl=64 time=0.030 ms
64 bytes from 49.106.0.1: icmp_seq=6 ttl=64 time=0.031 ms
64 bytes from 49.106.0.1: icmp_seq=7 ttl=64 time=0.035 ms
64 bytes from 49.106.0.1: icmp_seq=8 ttl=64 time=0.039 ms
64 bytes from 49.106.0.1: icmp_seq=9 ttl=64 time=0.040 ms
64 bytes from 49.106.0.1: icmp_seq=10 ttl=64 time=0.054 ms

--- 49.106.0.1 ping statistics ---
10 packets transmitted, 10 received, 0% packet loss, time 9194ms
rtt min/avg/max/mdev = 0.027/0.049/0.157/0.037 ms
root@BOST_host:~# 