Linux g49-proxy 5.15.0-1021-gcp #28~20.04.1-Ubuntu SMP Mon Oct 17 11:37:54 UTC 2022 x86_64
+------------------------------------------------------+
|                                                      |
|   Columbia CSEE 4119 Fall 2022 - Routing Project     |
|             Build your mini-Internet!                |
|                                                      |
|                                                      |
|   You can modify this welcoming message by           |
|   modifying the file welcoming_message.txt           |
|   in the config directory                            |
|                                                      |
|   From here, you can access your virtual devices     |
|   with the goto.sh script. For instance:             |
|                                                      |
|   ./goto.sh MIAM router                              |
|                                                      |
+------------------------------------------------------+
Last login: Wed Nov 23 22:18:08 2022 from 157.0.0.59
root@g49-proxy:~# ./goto.sh PARI router

Hello, this is FRRouting (version 7.5).
Copyright 1996-2005 Kunihiro Ishiguro, et al.

PARI_router# show ip ospf neighbor

Neighbor ID     Pri State           Dead Time Address         Interface                        RXmtL RqstL DBsmL
198.0.0.49        1 Full/DR           39.953s 49.0.4.2        port_LOND:49.0.4.1                   0     0     0

PARI_router# conf t
PARI_router(config)# router ospf
PARI_router(config-router)# network 49.0.3.0/24 area 0
PARI_router(config-router)# network 49.0.6.0/24 area 0
PARI_router(config-router)# network 49.0.5.0/24 area 0
PARI_router(config-router)# network 49.0.1.0/24 area 0
PARI_router(config-router)# exit
PARI_router(config)# exit
PARI_router# show ip ospf neighbor

Neighbor ID     Pri State           Dead Time Address         Interface                        RXmtL RqstL DBsmL
198.0.0.49        1 Full/DR           35.820s 49.0.4.2        port_LOND:49.0.4.1                   0     0     0

PARI_router# conf t
PARI_router(config)# router ospf
PARI_router(config-router)# network 49.103.0.0/24 area 0
PARI_router(config-router)# network 49.153.0.0/24 area 0
PARI_router(config-router)# exit
PARI_router(config)# exit
PARI_router# conf t
PARI_router(config)# router ospf
PARI_router(config-router)# network 198.0.0.0/24 area 0
PARI_router(config-router)# exit
PARI_router(config)# exit
PARI_router# show ip ospf neighbor

Neighbor ID     Pri State           Dead Time Address         Interface                        RXmtL RqstL DBsmL
198.0.0.49        1 Full/DR           30.179s 49.0.4.2        port_LOND:49.0.4.1                   0     0     0

PARI_router# exit
Connection to 158.49.12.1 closed.
root@g49-proxy:~# ./goto.sh PARI host  
Linux PARI_host 5.15.0-1021-gcp #28~20.04.1-Ubuntu SMP Mon Oct 17 11:37:54 UTC 2022 x86_64

The programs included with the Debian GNU/Linux system are free software;
the exact distribution terms for each program are described in the
individual files in /usr/share/doc/*/copyright.

Debian GNU/Linux comes with ABSOLUTELY NO WARRANTY, to the extent
permitted by applicable law.
Last login: Thu Nov 24 00:41:10 2022 from 158.49.0.2
root@PARI_host:~# ping 49.101.0.2
connect: Network is unreachable
root@PARI_host:~# ping 49.101.0.1
connect: Network is unreachable
root@PARI_host:~# ip route add default via 49.103.0.0/24
Error: inet address is expected rather than "49.103.0.0/24".
root@PARI_host:~# ip route add default via 49.103.0.1   
root@PARI_host:~# netstat -rn
Kernel IP routing table
Destination     Gateway         Genmask         Flags   MSS Window  irtt Iface
0.0.0.0         49.103.0.1      0.0.0.0         UG        0 0          0 PARIrouter
49.103.0.0      0.0.0.0         255.255.255.0   U         0 0          0 PARIrouter
158.49.0.0      0.0.0.0         255.255.0.0     U         0 0          0 ssh
root@PARI_host:~# ping 49.101.0.2
PING 49.101.0.2 (49.101.0.2) 56(84) bytes of data.
From 49.103.0.1 icmp_seq=1 Destination Host Unreachable
From 49.103.0.1 icmp_seq=2 Destination Host Unreachable
From 49.103.0.1 icmp_seq=3 Destination Host Unreachable
From 49.103.0.1 icmp_seq=4 Destination Host Unreachable
From 49.103.0.1 icmp_seq=5 Destination Host Unreachable
From 49.103.0.1 icmp_seq=6 Destination Host Unreachable
From 49.103.0.1 icmp_seq=7 Destination Host Unreachable
From 49.103.0.1 icmp_seq=8 Destination Host Unreachable
^C
--- 49.101.0.2 ping statistics ---
8 packets transmitted, 0 received, +8 errors, 100% packet loss, time 7131ms
pipe 4
root@PARI_host:~# ip address del 49.103.0.1/24 dev PARIrouter
root@PARI_host:~# ip address add 49.103.0.0/24 dev PARIrouter
root@PARI_host:~# netstat -rn
Kernel IP routing table
Destination     Gateway         Genmask         Flags   MSS Window  irtt Iface
49.103.0.0      0.0.0.0         255.255.255.0   U         0 0          0 PARIrouter
158.49.0.0      0.0.0.0         255.255.0.0     U         0 0          0 ssh
root@PARI_host:~# ping 49.101.0.2
connect: Network is unreachable
root@PARI_host:~# ip address del 49.103.0.0/24 dev PARIrouter
root@PARI_host:~# ip address add 49.103.0.1/24 dev PARIrouter
root@PARI_host:~# netstat -rn
Kernel IP routing table
Destination     Gateway         Genmask         Flags   MSS Window  irtt Iface
49.103.0.0      0.0.0.0         255.255.255.0   U         0 0          0 PARIrouter
158.49.0.0      0.0.0.0         255.255.0.0     U         0 0          0 ssh
root@PARI_host:~# ping 49.101.0.2
connect: Network is unreachable
root@PARI_host:~# ip route del default via 49.103.0.0
RTNETLINK answers: No such process
root@PARI_host:~# ip route add default via 49.103.0.1
root@PARI_host:~# ping 49.101.0.2
PING 49.101.0.2 (49.101.0.2) 56(84) bytes of data.
From 49.103.0.1 icmp_seq=1 Destination Host Unreachable
From 49.103.0.1 icmp_seq=2 Destination Host Unreachable
From 49.103.0.1 icmp_seq=3 Destination Host Unreachable
From 49.103.0.1 icmp_seq=4 Destination Host Unreachable
^C
--- 49.101.0.2 ping statistics ---
4 packets transmitted, 0 received, +4 errors, 100% packet loss, time 3051ms
pipe 4
root@PARI_host:~# netstat -rn
Kernel IP routing table
Destination     Gateway         Genmask         Flags   MSS Window  irtt Iface
0.0.0.0         49.103.0.1      0.0.0.0         UG        0 0          0 PARIrouter
49.103.0.0      0.0.0.0         255.255.255.0   U         0 0          0 PARIrouter
158.49.0.0      0.0.0.0         255.255.0.0     U         0 0          0 ssh
root@PARI_host:~# root@PARI_host:~# 
-bash: root@PARI_host:~#: command not found
root@PARI_host:~# ip address del 49.103.0.1/24 dev PARIrouter
root@PARI_host:~# ip address add 49.103.0.0/24 dev PARIrouter
root@PARI_host:~# ip route add default via 49.103.0.1
root@PARI_host:~# ping 49.101.0.2
PING 49.101.0.2 (49.101.0.2) 56(84) bytes of data.
From 49.103.0.0 icmp_seq=1 Destination Host Unreachable
From 49.103.0.0 icmp_seq=2 Destination Host Unreachable
From 49.103.0.0 icmp_seq=3 Destination Host Unreachable
^C
--- 49.101.0.2 ping statistics ---
4 packets transmitted, 0 received, +3 errors, 100% packet loss, time 3069ms
pipe 4
root@PARI_host:~# ping 49.101.0.2
PING 49.101.0.2 (49.101.0.2) 56(84) bytes of data.
From 49.103.0.0 icmp_seq=1 Destination Host Unreachable
From 49.103.0.0 icmp_seq=2 Destination Host Unreachable
From 49.103.0.0 icmp_seq=3 Destination Host Unreachable
From 49.103.0.0 icmp_seq=4 Destination Host Unreachable
^C
--- 49.101.0.2 ping statistics ---
6 packets transmitted, 0 received, +4 errors, 100% packet loss, time 5068ms
pipe 4
root@PARI_host:~# ping 49.151.0.1
PING 49.151.0.1 (49.151.0.1) 56(84) bytes of data.
From 49.103.0.0 icmp_seq=1 Destination Host Unreachable
From 49.103.0.0 icmp_seq=2 Destination Host Unreachable
From 49.103.0.0 icmp_seq=3 Destination Host Unreachable
^C
--- 49.151.0.1 ping statistics ---
5 packets transmitted, 0 received, +3 errors, 100% packet loss, time 4094ms
pipe 4
root@PARI_host:~# ping 190.0.0.100
PING 190.0.0.100 (190.0.0.100) 56(84) bytes of data.
From 49.103.0.0 icmp_seq=1 Destination Host Unreachable
From 49.103.0.0 icmp_seq=2 Destination Host Unreachable
From 49.103.0.0 icmp_seq=3 Destination Host Unreachable
^C
--- 190.0.0.100 ping statistics ---
4 packets transmitted, 0 received, +3 errors, 100% packet loss, time 3077ms
pipe 4
root@PARI_host:~# arp -a
^C
root@PARI_host:~# arp
^C
root@PARI_host:~# tcpdump
tcpdump: verbose output suppressed, use -v or -vv for full protocol decode
listening on ssh, link-type EN10MB (Ethernet), capture size 262144 bytes
^C^Cexit
exot
02:58:12.852298 IP 158.49.12.2.ssh > 158.49.0.2.39534: Flags [P.], seq 2003146482:2003146670, ack 2484363754, win 501, options [nop,nop,TS val 1131609599 ecr 2040695426], length 188

1 packet captured
40 packets received by filter
33 packets dropped by kernel
root@PARI_host:~# exit
logout
Connection to 158.49.12.2 closed.
root@g49-proxy:~# ./goto.sh PARI host
Linux PARI_host 5.15.0-1021-gcp #28~20.04.1-Ubuntu SMP Mon Oct 17 11:37:54 UTC 2022 x86_64

The programs included with the Debian GNU/Linux system are free software;
the exact distribution terms for each program are described in the
individual files in /usr/share/doc/*/copyright.

Debian GNU/Linux comes with ABSOLUTELY NO WARRANTY, to the extent
permitted by applicable law.
Last login: Thu Nov 24 02:40:45 2022 from 158.49.0.2
root@PARI_host:~# ping 49.101.0.2
PING 49.101.0.2 (49.101.0.2) 56(84) bytes of data.
From 49.103.0.0 icmp_seq=1 Destination Host Unreachable
From 49.103.0.0 icmp_seq=2 Destination Host Unreachable
From 49.103.0.0 icmp_seq=3 Destination Host Unreachable
^C
--- 49.101.0.2 ping statistics ---
4 packets transmitted, 0 received, +3 errors, 100% packet loss, time 3059ms
pipe 4
root@PARI_host:~# ping 49.101.0.1
PING 49.101.0.1 (49.101.0.1) 56(84) bytes of data.
From 49.103.0.0 icmp_seq=1 Destination Host Unreachable
From 49.103.0.0 icmp_seq=2 Destination Host Unreachable
From 49.103.0.0 icmp_seq=3 Destination Host Unreachable
^C
--- 49.101.0.1 ping statistics ---
4 packets transmitted, 0 received, +3 errors, 100% packet loss, time 3066ms
pipe 3
root@PARI_host:~# ping 49.101.0.2
PING 49.101.0.2 (49.101.0.2) 56(84) bytes of data.
From 49.103.0.0 icmp_seq=1 Destination Host Unreachable
From 49.103.0.0 icmp_seq=2 Destination Host Unreachable
From 49.103.0.0 icmp_seq=3 Destination Host Unreachable
^C
--- 49.101.0.2 ping statistics ---
5 packets transmitted, 0 received, +3 errors, 100% packet loss, time 4085ms
pipe 3
root@PARI_host:~# ping 49.101.0.1
PING 49.101.0.1 (49.101.0.1) 56(84) bytes of data.
From 49.103.0.0 icmp_seq=1 Destination Host Unreachable
From 49.103.0.0 icmp_seq=2 Destination Host Unreachable
From 49.103.0.0 icmp_seq=3 Destination Host Unreachable
From 49.103.0.0 icmp_seq=4 Destination Host Unreachable
From 49.103.0.0 icmp_seq=5 Destination Host Unreachable
From 49.103.0.0 icmp_seq=6 Destination Host Unreachable
^C
--- 49.101.0.1 ping statistics ---
7 packets transmitted, 0 received, +6 errors, 100% packet loss, time 6129ms
pipe 3
root@PARI_host:~# ping 49.151.0.1
PING 49.151.0.1 (49.151.0.1) 56(84) bytes of data.
From 49.103.0.0 icmp_seq=1 Destination Host Unreachable
From 49.103.0.0 icmp_seq=2 Destination Host Unreachable
From 49.103.0.0 icmp_seq=3 Destination Host Unreachable
From 49.103.0.0 icmp_seq=4 Destination Host Unreachable
From 49.103.0.0 icmp_seq=5 Destination Host Unreachable
From 49.103.0.0 icmp_seq=6 Destination Host Unreachable
^C
--- 49.151.0.1 ping statistics ---
7 packets transmitted, 0 received, +6 errors, 100% packet loss, time 6151ms
pipe 4
root@PARI_host:~# ping 49.151.0.2
PING 49.151.0.2 (49.151.0.2) 56(84) bytes of data.
From 49.103.0.0 icmp_seq=1 Destination Host Unreachable
From 49.103.0.0 icmp_seq=2 Destination Host Unreachable
From 49.103.0.0 icmp_seq=3 Destination Host Unreachable
From 49.103.0.0 icmp_seq=4 Destination Host Unreachable
^C
--- 49.151.0.2 ping statistics ---
5 packets transmitted, 0 received, +4 errors, 100% packet loss, time 4058ms
pipe 4
root@PARI_host:~# ping 49.103.0.2
PING 49.103.0.2 (49.103.0.2) 56(84) bytes of data.
64 bytes from 49.103.0.2: icmp_seq=1 ttl=64 time=0.954 ms
64 bytes from 49.103.0.2: icmp_seq=2 ttl=64 time=0.062 ms
^C
--- 49.103.0.2 ping statistics ---
2 packets transmitted, 2 received, 0% packet loss, time 1001ms
rtt min/avg/max/mdev = 0.062/0.508/0.954/0.446 ms
root@PARI_host:~# ip address show
1: lo: <LOOPBACK,UP,LOWER_UP> mtu 65536 qdisc noqueue state UNKNOWN group default qlen 1000
    link/loopback 00:00:00:00:00:00 brd 00:00:00:00:00:00
    inet 127.0.0.1/8 scope host lo
       valid_lft forever preferred_lft forever
11540: ssh@if11541: <BROADCAST,MULTICAST,UP,LOWER_UP> mtu 1500 qdisc noqueue state UP group default qlen 1000
    link/ether 96:1e:20:0c:e3:eb brd ff:ff:ff:ff:ff:ff link-netnsid 0
    inet 158.49.12.2/16 scope global ssh
       valid_lft forever preferred_lft forever
1018: PARIrouter@if1019: <BROADCAST,MULTICAST,UP,LOWER_UP> mtu 1500 qdisc noqueue state UP group default qlen 1000
    link/ether d2:5d:20:f8:a1:04 brd ff:ff:ff:ff:ff:ff link-netnsid 0
    inet 49.103.0.0/24 scope global PARIrouter
       valid_lft forever preferred_lft forever
root@PARI_host:~# traceroute 49.103.0.2
traceroute to 49.103.0.2 (49.103.0.2), 30 hops max, 60 byte packets
 1  49.103.0.2 (49.103.0.2)  0.542 ms  0.133 ms  0.022 ms
root@PARI_host:~# ping 49.103.0.2
PING 49.103.0.2 (49.103.0.2) 56(84) bytes of data.
64 bytes from 49.103.0.2: icmp_seq=1 ttl=64 time=0.361 ms
64 bytes from 49.103.0.2: icmp_seq=2 ttl=64 time=0.076 ms
64 bytes from 49.103.0.2: icmp_seq=3 ttl=64 time=0.078 ms
64 bytes from 49.103.0.2: icmp_seq=4 ttl=64 time=0.080 ms
^C
--- 49.103.0.2 ping statistics ---
4 packets transmitted, 4 received, 0% packet loss, time 3063ms
rtt min/avg/max/mdev = 0.076/0.148/0.361/0.123 ms
root@PARI_host:~# traceroute 49.101.0.2
traceroute to 49.101.0.2 (49.101.0.2), 30 hops max, 60 byte packets
 1  49.103.0.0 (49.103.0.0)  3081.995 ms !H  3081.667 ms !H  3081.650 ms !H
root@PARI_host:~# ip address del 49.103.0.0/24 dev PARIrouter
root@PARI_host:~# ip address del 49.103.0.1/24 dev PARIrouter
RTNETLINK answers: Cannot assign requested address
root@PARI_host:~# ip address show
1: lo: <LOOPBACK,UP,LOWER_UP> mtu 65536 qdisc noqueue state UNKNOWN group default qlen 1000
    link/loopback 00:00:00:00:00:00 brd 00:00:00:00:00:00
    inet 127.0.0.1/8 scope host lo
       valid_lft forever preferred_lft forever
11540: ssh@if11541: <BROADCAST,MULTICAST,UP,LOWER_UP> mtu 1500 qdisc noqueue state UP group default qlen 1000
    link/ether 96:1e:20:0c:e3:eb brd ff:ff:ff:ff:ff:ff link-netnsid 0
    inet 158.49.12.2/16 scope global ssh
       valid_lft forever preferred_lft forever
1018: PARIrouter@if1019: <BROADCAST,MULTICAST,UP,LOWER_UP> mtu 1500 qdisc noqueue state UP group default qlen 1000
    link/ether d2:5d:20:f8:a1:04 brd ff:ff:ff:ff:ff:ff link-netnsid 0
root@PARI_host:~# ip address del 49.103.0.1/24 dev PARIrouter
RTNETLINK answers: Cannot assign requested address
root@PARI_host:~# netstat -rn
Kernel IP routing table
Destination     Gateway         Genmask         Flags   MSS Window  irtt Iface
158.49.0.0      0.0.0.0         255.255.0.0     U         0 0          0 ssh
root@PARI_host:~# ip route del default via 49.103.0.1
RTNETLINK answers: No such process
root@PARI_host:~# ip address del 49.103.0.1/24 dev PARIrouter
RTNETLINK answers: Cannot assign requested address
root@PARI_host:~# exit
logout
Connection to 158.49.12.2 closed.
root@g49-proxy:~# ./goto.sh PARI host
Linux PARI_host 5.15.0-1021-gcp #28~20.04.1-Ubuntu SMP Mon Oct 17 11:37:54 UTC 2022 x86_64

The programs included with the Debian GNU/Linux system are free software;
the exact distribution terms for each program are described in the
individual files in /usr/share/doc/*/copyright.

Debian GNU/Linux comes with ABSOLUTELY NO WARRANTY, to the extent
permitted by applicable law.
Last login: Thu Nov 24 02:58:43 2022 from 158.49.0.2
root@PARI_host:~# ip address del 49.103.0.1/24 dev PARIrouter
RTNETLINK answers: Cannot assign requested address
root@PARI_host:~# ip address add 49.103.0.1/24 dev PARIrouter
root@PARI_host:~# ip route add default via 49.103.0.1
root@PARI_host:~# ping 49.101.0.2
PING 49.101.0.2 (49.101.0.2) 56(84) bytes of data.
From 49.103.0.1 icmp_seq=1 Destination Host Unreachable
From 49.103.0.1 icmp_seq=2 Destination Host Unreachable
From 49.103.0.1 icmp_seq=3 Destination Host Unreachable
From 49.103.0.1 icmp_seq=4 Destination Host Unreachable
^C
--- 49.101.0.2 ping statistics ---
4 packets transmitted, 0 received, +4 errors, 100% packet loss, time 3066ms
pipe 4
root@PARI_host:~# traceroute 49.101.0.2
traceroute to 49.101.0.2 (49.101.0.2), 30 hops max, 60 byte packets
 1  49.103.0.1 (49.103.0.1)  3063.199 ms !H  3063.158 ms !H  3063.145 ms !H
root@PARI_host:~# ping 49.101.0.1
PING 49.101.0.1 (49.101.0.1) 56(84) bytes of data.
From 49.103.0.1 icmp_seq=1 Destination Host Unreachable
From 49.103.0.1 icmp_seq=2 Destination Host Unreachable
From 49.103.0.1 icmp_seq=3 Destination Host Unreachable
^C
--- 49.101.0.1 ping statistics ---
5 packets transmitted, 0 received, +3 errors, 100% packet loss, time 4073ms
pipe 4
root@PARI_host:~# ping 49.103.0.1
PING 49.103.0.1 (49.103.0.1) 56(84) bytes of data.
64 bytes from 49.103.0.1: icmp_seq=1 ttl=64 time=0.032 ms
64 bytes from 49.103.0.1: icmp_seq=2 ttl=64 time=0.032 ms
64 bytes from 49.103.0.1: icmp_seq=3 ttl=64 time=0.048 ms
^C
--- 49.103.0.1 ping statistics ---
3 packets transmitted, 3 received, 0% packet loss, time 2055ms
rtt min/avg/max/mdev = 0.032/0.037/0.048/0.009 ms
root@PARI_host:~# ip route del default via 49.103.0.1
root@PARI_host:~# ip route add default via 49.103.0.2
root@PARI_host:~# ping 49.101.0.1
PING 49.101.0.1 (49.101.0.1) 56(84) bytes of data.
From 49.103.0.2 icmp_seq=1 Destination Net Unreachable
From 49.103.0.2 icmp_seq=2 Destination Net Unreachable
From 49.103.0.2 icmp_seq=3 Destination Net Unreachable
From 49.103.0.2 icmp_seq=4 Destination Net Unreachable
From 49.103.0.2 icmp_seq=5 Destination Net Unreachable
From 49.103.0.2 icmp_seq=6 Destination Net Unreachable
From 49.103.0.2 icmp_seq=7 Destination Net Unreachable
From 49.103.0.2 icmp_seq=8 Destination Net Unreachable
From 49.103.0.2 icmp_seq=9 Destination Net Unreachable
From 49.103.0.2 icmp_seq=10 Destination Net Unreachable
From 49.103.0.2 icmp_seq=11 Destination Net Unreachable
^C
--- 49.101.0.1 ping statistics ---
11 packets transmitted, 0 received, +11 errors, 100% packet loss, time 10209ms

root@PARI_host:~# ping 49.103.0.2
PING 49.103.0.2 (49.103.0.2) 56(84) bytes of data.
64 bytes from 49.103.0.2: icmp_seq=1 ttl=64 time=0.052 ms
64 bytes from 49.103.0.2: icmp_seq=2 ttl=64 time=0.070 ms
64 bytes from 49.103.0.2: icmp_seq=3 ttl=64 time=0.073 ms
^C
--- 49.103.0.2 ping statistics ---
3 packets transmitted, 3 received, 0% packet loss, time 2052ms
rtt min/avg/max/mdev = 0.052/0.065/0.073/0.009 ms
root@PARI_host:~# ping 49.103.0.2
PING 49.103.0.2 (49.103.0.2) 56(84) bytes of data.
64 bytes from 49.103.0.2: icmp_seq=1 ttl=64 time=0.580 ms
64 bytes from 49.103.0.2: icmp_seq=2 ttl=64 time=0.077 ms
64 bytes from 49.103.0.2: icmp_seq=3 ttl=64 time=0.104 ms
^C
--- 49.103.0.2 ping statistics ---
3 packets transmitted, 3 received, 0% packet loss, time 2036ms
rtt min/avg/max/mdev = 0.077/0.253/0.580/0.231 ms
root@PARI_host:~# ping 49.101.0.1
PING 49.101.0.1 (49.101.0.1) 56(84) bytes of data.
From 49.103.0.2 icmp_seq=1 Destination Net Unreachable
From 49.103.0.2 icmp_seq=2 Destination Net Unreachable
From 49.103.0.2 icmp_seq=3 Destination Net Unreachable
From 49.103.0.2 icmp_seq=4 Destination Net Unreachable
^C
--- 49.101.0.1 ping statistics ---
4 packets transmitted, 0 received, +4 errors, 100% packet loss, time 3061ms

root@PARI_host:~# ping 49.0.4.1
PING 49.0.4.1 (49.0.4.1) 56(84) bytes of data.
64 bytes from 49.0.4.1: icmp_seq=1 ttl=64 time=0.439 ms
64 bytes from 49.0.4.1: icmp_seq=2 ttl=64 time=0.089 ms
64 bytes from 49.0.4.1: icmp_seq=3 ttl=64 time=0.070 ms
64 bytes from 49.0.4.1: icmp_seq=4 ttl=64 time=0.094 ms
64 bytes from 49.0.4.1: icmp_seq=5 ttl=64 time=0.080 ms
64 bytes from 49.0.4.1: icmp_seq=6 ttl=64 time=0.071 ms
64 bytes from 49.0.4.1: icmp_seq=7 ttl=64 time=0.084 ms
64 bytes from 49.0.4.1: icmp_seq=8 ttl=64 time=0.081 ms
64 bytes from 49.0.4.1: icmp_seq=9 ttl=64 time=0.073 ms
^C
--- 49.0.4.1 ping statistics ---
9 packets transmitted, 9 received, 0% packet loss, time 8173ms
rtt min/avg/max/mdev = 0.070/0.120/0.439/0.113 ms
root@PARI_host:~# netstat -rn
Kernel IP routing table
Destination     Gateway         Genmask         Flags   MSS Window  irtt Iface
0.0.0.0         49.103.0.2      0.0.0.0         UG        0 0          0 PARIrouter
49.103.0.0      0.0.0.0         255.255.255.0   U         0 0          0 PARIrouter
158.49.0.0      0.0.0.0         255.255.0.0     U         0 0          0 ssh
root@PARI_host:~# traceroute 49.0.4.1
traceroute to 49.0.4.1 (49.0.4.1), 30 hops max, 60 byte packets
 1  49.0.4.1 (49.0.4.1)  0.362 ms  0.145 ms  0.021 ms
root@PARI_host:~# traceroute 49.0.4.2
traceroute to 49.0.4.2 (49.0.4.2), 30 hops max, 60 byte packets
 1  49.103.0.2 (49.103.0.2)  0.359 ms  0.116 ms  0.013 ms
 2  * * *
 3  * * *
 4  * * *
 5  * * *
 6  * * *
 7  * * *
 8  * * *
 9  * * *
10  * * *
11  * * *
12  * * *
13  * * *
14  * * *
15  * * *
16  * * *^C
root@PARI_host:~# ping 49.0.4.2
PING 49.0.4.2 (49.0.4.2) 56(84) bytes of data.
^C
--- 49.0.4.2 ping statistics ---
18 packets transmitted, 0 received, 100% packet loss, time 17398ms

root@PARI_host:~# ping 49.0.4.2
PING 49.0.4.2 (49.0.4.2) 56(84) bytes of data.
^C
--- 49.0.4.2 ping statistics ---
27 packets transmitted, 0 received, 100% packet loss, time 26621ms

root@PARI_host:~# ping 49.0.4.1
PING 49.0.4.1 (49.0.4.1) 56(84) bytes of data.
64 bytes from 49.0.4.1: icmp_seq=1 ttl=64 time=0.214 ms
64 bytes from 49.0.4.1: icmp_seq=2 ttl=64 time=0.073 ms
64 bytes from 49.0.4.1: icmp_seq=3 ttl=64 time=0.082 ms
64 bytes from 49.0.4.1: icmp_seq=4 ttl=64 time=0.114 ms
64 bytes from 49.0.4.1: icmp_seq=5 ttl=64 time=0.077 ms
64 bytes from 49.0.4.1: icmp_seq=6 ttl=64 time=0.080 ms
64 bytes from 49.0.4.1: icmp_seq=7 ttl=64 time=0.088 ms
64 bytes from 49.0.4.1: icmp_seq=8 ttl=64 time=0.067 ms
64 bytes from 49.0.4.1: icmp_seq=9 ttl=64 time=0.074 ms
^C
--- 49.0.4.1 ping statistics ---
9 packets transmitted, 9 received, 0% packet loss, time 8174ms
rtt min/avg/max/mdev = 0.067/0.096/0.214/0.044 ms
root@PARI_host:~# netstat -rn
Kernel IP routing table
Destination     Gateway         Genmask         Flags   MSS Window  irtt Iface
0.0.0.0         49.103.0.2      0.0.0.0         UG        0 0          0 PARIrouter
49.103.0.0      0.0.0.0         255.255.255.0   U         0 0          0 PARIrouter
158.49.0.0      0.0.0.0         255.255.0.0     U         0 0          0 ssh
root@PARI_host:~# ping 49.105.0.2
PING 49.105.0.2 (49.105.0.2) 56(84) bytes of data.
64 bytes from 49.105.0.2: icmp_seq=1 ttl=63 time=2.37 ms
64 bytes from 49.105.0.2: icmp_seq=2 ttl=63 time=2.17 ms
64 bytes from 49.105.0.2: icmp_seq=3 ttl=63 time=2.22 ms
64 bytes from 49.105.0.2: icmp_seq=4 ttl=63 time=2.17 ms
64 bytes from 49.105.0.2: icmp_seq=5 ttl=63 time=2.20 ms
64 bytes from 49.105.0.2: icmp_seq=6 ttl=63 time=2.16 ms
64 bytes from 49.105.0.2: icmp_seq=7 ttl=63 time=2.13 ms
64 bytes from 49.105.0.2: icmp_seq=8 ttl=63 time=2.12 ms
64 bytes from 49.105.0.2: icmp_seq=9 ttl=63 time=2.17 ms
^C
--- 49.105.0.2 ping statistics ---
9 packets transmitted, 9 received, 0% packet loss, time 8010ms
rtt min/avg/max/mdev = 2.125/2.195/2.372/0.075 ms
root@PARI_host:~# traceroute 49.105.0.2
traceroute to 49.105.0.2 (49.105.0.2), 30 hops max, 60 byte packets
 1  PARI-host.group49 (49.103.0.2)  0.362 ms  0.041 ms  0.011 ms
 2  NEWY-host.group49 (49.105.0.2)  2.233 ms  2.193 ms  2.172 ms
root@PARI_host:~# ping 49.101.0.1 -c 10
PING 49.101.0.1 (49.101.0.1) 56(84) bytes of data.
64 bytes from 49.101.0.1: icmp_seq=1 ttl=62 time=0.416 ms
64 bytes from 49.101.0.1: icmp_seq=2 ttl=62 time=0.258 ms
64 bytes from 49.101.0.1: icmp_seq=3 ttl=62 time=0.245 ms
64 bytes from 49.101.0.1: icmp_seq=4 ttl=62 time=0.264 ms
64 bytes from 49.101.0.1: icmp_seq=5 ttl=62 time=0.235 ms
64 bytes from 49.101.0.1: icmp_seq=6 ttl=62 time=0.207 ms
64 bytes from 49.101.0.1: icmp_seq=7 ttl=62 time=0.288 ms
64 bytes from 49.101.0.1: icmp_seq=8 ttl=62 time=0.217 ms
64 bytes from 49.101.0.1: icmp_seq=9 ttl=62 time=0.183 ms
64 bytes from 49.101.0.1: icmp_seq=10 ttl=62 time=0.228 ms

--- 49.101.0.1 ping statistics ---
10 packets transmitted, 10 received, 0% packet loss, time 9176ms
rtt min/avg/max/mdev = 0.183/0.254/0.416/0.061 ms
root@PARI_host:~# ping 49.103.0.1 -c 10
PING 49.103.0.1 (49.103.0.1) 56(84) bytes of data.
64 bytes from 49.103.0.1: icmp_seq=1 ttl=64 time=0.026 ms
64 bytes from 49.103.0.1: icmp_seq=2 ttl=64 time=0.035 ms
64 bytes from 49.103.0.1: icmp_seq=3 ttl=64 time=0.027 ms
64 bytes from 49.103.0.1: icmp_seq=4 ttl=64 time=0.027 ms
64 bytes from 49.103.0.1: icmp_seq=5 ttl=64 time=0.059 ms
64 bytes from 49.103.0.1: icmp_seq=6 ttl=64 time=0.041 ms
64 bytes from 49.103.0.1: icmp_seq=7 ttl=64 time=0.038 ms
64 bytes from 49.103.0.1: icmp_seq=8 ttl=64 time=0.031 ms
64 bytes from 49.103.0.1: icmp_seq=9 ttl=64 time=0.033 ms
64 bytes from 49.103.0.1: icmp_seq=10 ttl=64 time=0.057 ms

--- 49.103.0.1 ping statistics ---
10 packets transmitted, 10 received, 0% packet loss, time 9207ms
rtt min/avg/max/mdev = 0.026/0.037/0.059/0.012 ms
root@PARI_host:~# ping 49.108.0.1 -c 10
PING 49.108.0.1 (49.108.0.1) 56(84) bytes of data.
64 bytes from 49.108.0.1: icmp_seq=1 ttl=62 time=0.389 ms
64 bytes from 49.108.0.1: icmp_seq=2 ttl=62 time=0.274 ms
64 bytes from 49.108.0.1: icmp_seq=3 ttl=62 time=0.259 ms
64 bytes from 49.108.0.1: icmp_seq=4 ttl=62 time=0.269 ms
64 bytes from 49.108.0.1: icmp_seq=5 ttl=62 time=0.207 ms
64 bytes from 49.108.0.1: icmp_seq=6 ttl=62 time=0.263 ms
64 bytes from 49.108.0.1: icmp_seq=7 ttl=62 time=0.264 ms
64 bytes from 49.108.0.1: icmp_seq=8 ttl=62 time=0.284 ms
64 bytes from 49.108.0.1: icmp_seq=9 ttl=62 time=0.338 ms
64 bytes from 49.108.0.1: icmp_seq=10 ttl=62 time=0.235 ms

--- 49.108.0.1 ping statistics ---
10 packets transmitted, 10 received, 0% packet loss, time 9216ms
rtt min/avg/max/mdev = 0.207/0.278/0.389/0.049 ms
root@PARI_host:~# ping 49.107.0.1 -c 10
PING 49.107.0.1 (49.107.0.1) 56(84) bytes of data.
64 bytes from 49.107.0.1: icmp_seq=1 ttl=61 time=2.49 ms
64 bytes from 49.107.0.1: icmp_seq=2 ttl=61 time=2.49 ms
64 bytes from 49.107.0.1: icmp_seq=3 ttl=61 time=2.41 ms
64 bytes from 49.107.0.1: icmp_seq=4 ttl=61 time=2.41 ms
64 bytes from 49.107.0.1: icmp_seq=5 ttl=61 time=2.39 ms
64 bytes from 49.107.0.1: icmp_seq=6 ttl=61 time=2.38 ms
64 bytes from 49.107.0.1: icmp_seq=7 ttl=61 time=2.66 ms
64 bytes from 49.107.0.1: icmp_seq=8 ttl=61 time=2.51 ms
64 bytes from 49.107.0.1: icmp_seq=9 ttl=61 time=2.44 ms
64 bytes from 49.107.0.1: icmp_seq=10 ttl=61 time=2.42 ms

--- 49.107.0.1 ping statistics ---
10 packets transmitted, 10 received, 0% packet loss, time 9013ms
rtt min/avg/max/mdev = 2.385/2.464/2.669/0.099 ms
root@PARI_host:~# ping 49.105.0.1 -c 10
PING 49.105.0.1 (49.105.0.1) 56(84) bytes of data.
64 bytes from 49.105.0.1: icmp_seq=1 ttl=62 time=2.32 ms
64 bytes from 49.105.0.1: icmp_seq=2 ttl=62 time=2.19 ms
64 bytes from 49.105.0.1: icmp_seq=3 ttl=62 time=2.19 ms
64 bytes from 49.105.0.1: icmp_seq=4 ttl=62 time=2.23 ms
64 bytes from 49.105.0.1: icmp_seq=5 ttl=62 time=2.21 ms
64 bytes from 49.105.0.1: icmp_seq=6 ttl=62 time=2.19 ms
64 bytes from 49.105.0.1: icmp_seq=7 ttl=62 time=2.21 ms
64 bytes from 49.105.0.1: icmp_seq=8 ttl=62 time=2.25 ms
64 bytes from 49.105.0.1: icmp_seq=9 ttl=62 time=2.32 ms
64 bytes from 49.105.0.1: icmp_seq=10 ttl=62 time=2.15 ms

--- 49.105.0.1 ping statistics ---
10 packets transmitted, 10 received, 0% packet loss, time 9012ms
rtt min/avg/max/mdev = 2.158/2.230/2.325/0.076 ms
root@PARI_host:~# ping 49.106.0.1 -c 10
PING 49.106.0.1 (49.106.0.1) 56(84) bytes of data.
64 bytes from 49.106.0.1: icmp_seq=1 ttl=61 time=2.57 ms
64 bytes from 49.106.0.1: icmp_seq=2 ttl=61 time=2.27 ms
64 bytes from 49.106.0.1: icmp_seq=3 ttl=61 time=2.39 ms
64 bytes from 49.106.0.1: icmp_seq=4 ttl=61 time=2.32 ms
64 bytes from 49.106.0.1: icmp_seq=5 ttl=61 time=2.33 ms
64 bytes from 49.106.0.1: icmp_seq=6 ttl=61 time=2.43 ms
64 bytes from 49.106.0.1: icmp_seq=7 ttl=61 time=2.25 ms
64 bytes from 49.106.0.1: icmp_seq=8 ttl=61 time=2.22 ms
64 bytes from 49.106.0.1: icmp_seq=9 ttl=61 time=2.53 ms
64 bytes from 49.106.0.1: icmp_seq=10 ttl=61 time=2.37 ms

--- 49.106.0.1 ping statistics ---
10 packets transmitted, 10 received, 0% packet loss, time 9013ms
rtt min/avg/max/mdev = 2.223/2.373/2.579/0.121 ms
root@PARI_host:~# 